Archive member included because of file (symbol)

c:/program files (x86)/embitz/0.42/share/em_armgcc/bin/../lib/gcc/arm-none-eabi/4.8.4/armv6-m\libgcc.a(_udivsi3.o)
                              obj\debug\spl\src\stm32f0xx_rcc.o (__aeabi_uidiv)
c:/program files (x86)/embitz/0.42/share/em_armgcc/bin/../lib/gcc/arm-none-eabi/4.8.4/armv6-m\libgcc.a(_divsi3.o)
                              obj\debug\src\debug.o (__aeabi_idiv)
c:/program files (x86)/embitz/0.42/share/em_armgcc/bin/../lib/gcc/arm-none-eabi/4.8.4/armv6-m\libgcc.a(_dvmd_tls.o)
                              c:/program files (x86)/embitz/0.42/share/em_armgcc/bin/../lib/gcc/arm-none-eabi/4.8.4/armv6-m\libgcc.a(_udivsi3.o) (__aeabi_idiv0)
c:/program files (x86)/embitz/0.42/share/em_armgcc/bin/../lib/gcc/arm-none-eabi/4.8.4/../../../../arm-none-eabi/lib/armv6-m\libg_n.a(lib_a-exit.o)
                              c:/program files (x86)/embitz/0.42/share/em_armgcc/bin/../lib/gcc/arm-none-eabi/4.8.4/../../../../arm-none-eabi/lib/armv6-m/crt0.o (exit)
c:/program files (x86)/embitz/0.42/share/em_armgcc/bin/../lib/gcc/arm-none-eabi/4.8.4/../../../../arm-none-eabi/lib/armv6-m\libg_n.a(lib_a-impure.o)
                              c:/program files (x86)/embitz/0.42/share/em_armgcc/bin/../lib/gcc/arm-none-eabi/4.8.4/../../../../arm-none-eabi/lib/armv6-m\libg_n.a(lib_a-exit.o) (_global_impure_ptr)
c:/program files (x86)/embitz/0.42/share/em_armgcc/bin/../lib/gcc/arm-none-eabi/4.8.4/../../../../arm-none-eabi/lib/armv6-m\libg_n.a(lib_a-init.o)
                              c:/program files (x86)/embitz/0.42/share/em_armgcc/bin/../lib/gcc/arm-none-eabi/4.8.4/../../../../arm-none-eabi/lib/armv6-m/crt0.o (__libc_init_array)
c:/program files (x86)/embitz/0.42/share/em_armgcc/bin/../lib/gcc/arm-none-eabi/4.8.4/../../../../arm-none-eabi/lib/armv6-m\libg_n.a(lib_a-memset.o)
                              c:/program files (x86)/embitz/0.42/share/em_armgcc/bin/../lib/gcc/arm-none-eabi/4.8.4/../../../../arm-none-eabi/lib/armv6-m/crt0.o (memset)
c:/program files (x86)/embitz/0.42/share/em_armgcc/bin/../lib/gcc/arm-none-eabi/4.8.4/../../../../arm-none-eabi/lib/armv6-m\libnosys_s.a(_exit.o)
                              c:/program files (x86)/embitz/0.42/share/em_armgcc/bin/../lib/gcc/arm-none-eabi/4.8.4/../../../../arm-none-eabi/lib/armv6-m\libg_n.a(lib_a-exit.o) (_exit)

Allocating common symbols
Common symbol       size              file

GUIDEADCVal         0xa               obj\debug\src\main.o
Stamp               0x14              obj\debug\src\main.o
Serialdata          0x100             obj\debug\src\main.o
ICADVVal            0xa               obj\debug\src\main.o
RXBuffer            0x6               obj\debug\src\main.o

Discarded input sections

 .text          0x00000000        0x0 c:/program files (x86)/embitz/0.42/share/em_armgcc/bin/../lib/gcc/arm-none-eabi/4.8.4/armv6-m/crti.o
 .data          0x00000000        0x0 c:/program files (x86)/embitz/0.42/share/em_armgcc/bin/../lib/gcc/arm-none-eabi/4.8.4/armv6-m/crti.o
 .bss           0x00000000        0x0 c:/program files (x86)/embitz/0.42/share/em_armgcc/bin/../lib/gcc/arm-none-eabi/4.8.4/armv6-m/crti.o
 .data          0x00000000        0x4 c:/program files (x86)/embitz/0.42/share/em_armgcc/bin/../lib/gcc/arm-none-eabi/4.8.4/armv6-m/crtbegin.o
 .data          0x00000000        0x0 c:/program files (x86)/embitz/0.42/share/em_armgcc/bin/../lib/gcc/arm-none-eabi/4.8.4/../../../../arm-none-eabi/lib/armv6-m/crt0.o
 .bss           0x00000000        0x0 c:/program files (x86)/embitz/0.42/share/em_armgcc/bin/../lib/gcc/arm-none-eabi/4.8.4/../../../../arm-none-eabi/lib/armv6-m/crt0.o
 .ARM.extab     0x00000000        0x0 c:/program files (x86)/embitz/0.42/share/em_armgcc/bin/../lib/gcc/arm-none-eabi/4.8.4/../../../../arm-none-eabi/lib/armv6-m/crt0.o
 .group         0x00000000        0x8 obj\debug\spl\src\stm32f0xx_adc.o
 .group         0x00000000        0x8 obj\debug\spl\src\stm32f0xx_adc.o
 .group         0x00000000        0x8 obj\debug\spl\src\stm32f0xx_adc.o
 .group         0x00000000        0x8 obj\debug\spl\src\stm32f0xx_adc.o
 .group         0x00000000        0x8 obj\debug\spl\src\stm32f0xx_adc.o
 .group         0x00000000        0x8 obj\debug\spl\src\stm32f0xx_adc.o
 .group         0x00000000        0x8 obj\debug\spl\src\stm32f0xx_adc.o
 .group         0x00000000        0x8 obj\debug\spl\src\stm32f0xx_adc.o
 .group         0x00000000        0x8 obj\debug\spl\src\stm32f0xx_adc.o
 .group         0x00000000        0x8 obj\debug\spl\src\stm32f0xx_adc.o
 .group         0x00000000        0x8 obj\debug\spl\src\stm32f0xx_adc.o
 .group         0x00000000        0x8 obj\debug\spl\src\stm32f0xx_adc.o
 .group         0x00000000        0x8 obj\debug\spl\src\stm32f0xx_adc.o
 .group         0x00000000        0x8 obj\debug\spl\src\stm32f0xx_adc.o
 .group         0x00000000        0x8 obj\debug\spl\src\stm32f0xx_adc.o
 .group         0x00000000        0x8 obj\debug\spl\src\stm32f0xx_adc.o
[...]
Memory Configuration

Name             Origin             Length             Attributes
ROM              0x08000000         0x00008000         xr
RAM              0x20000000         0x00001000         xrw
*default*        0x00000000         0xffffffff

Linker script and memory map

LOAD c:/program files (x86)/embitz/0.42/share/em_armgcc/bin/../lib/gcc/arm-none-eabi/4.8.4/armv6-m/crti.o
LOAD c:/program files (x86)/embitz/0.42/share/em_armgcc/bin/../lib/gcc/arm-none-eabi/4.8.4/armv6-m/crtbegin.o
LOAD c:/program files (x86)/embitz/0.42/share/em_armgcc/bin/../lib/gcc/arm-none-eabi/4.8.4/../../../../arm-none-eabi/lib/armv6-m/crt0.o
                0x00000000                __HEAP_SIZE = 0x0
                0x00000100                __STACK_SIZE = 0x100

.text           0x08000000     0x2a60
 *(.isr_vector)
 .isr_vector    0x08000000       0xc4 obj\debug\src\startup_stm32f0xx.o
                0x08000000                __isr_vector
 *(.text*)
 .text          0x080000c4       0x60 c:/program files (x86)/embitz/0.42/share/em_armgcc/bin/../lib/gcc/arm-none-eabi/4.8.4/armv6-m/crtbegin.o
 .text          0x08000124       0x78 c:/program files (x86)/embitz/0.42/share/em_armgcc/bin/../lib/gcc/arm-none-eabi/4.8.4/../../../../arm-none-eabi/lib/armv6-m/crt0.o
                0x08000124                _start
                0x08000124                _mainCRTStartup
 .text.GPIO_Init
                0x0800019c      0x138 obj\debug\spl\src\stm32f0xx_gpio.o
                0x0800019c                GPIO_Init
 .text.GPIO_ReadInputDataBit
                0x080002d4       0x48 obj\debug\spl\src\stm32f0xx_gpio.o
                0x080002d4                GPIO_ReadInputDataBit
 .text.GPIO_ReadInputData
                0x0800031c       0x18 obj\debug\spl\src\stm32f0xx_gpio.o
                0x0800031c                GPIO_ReadInputData
 .text.GPIO_WriteBit
                0x08000334       0x30 obj\debug\spl\src\stm32f0xx_gpio.o
                0x08000334                GPIO_WriteBit
 .text.GPIO_PinAFConfig
                0x08000364       0x9c obj\debug\spl\src\stm32f0xx_gpio.o
                0x08000364                GPIO_PinAFConfig
 .text.IWDG_WriteAccessCmd
                0x08000400       0x20 obj\debug\spl\src\stm32f0xx_iwdg.o
                0x08000400                IWDG_WriteAccessCmd
 .text.IWDG_SetPrescaler
                0x08000420       0x20 obj\debug\spl\src\stm32f0xx_iwdg.o
                0x08000420                IWDG_SetPrescaler
 .text.IWDG_SetReload
                0x08000440       0x20 obj\debug\spl\src\stm32f0xx_iwdg.o
                0x08000440                IWDG_SetReload
 .text.IWDG_ReloadCounter
                0x08000460       0x18 obj\debug\spl\src\stm32f0xx_iwdg.o
                0x08000460                IWDG_ReloadCounter
 .text.IWDG_Enable
                0x08000478       0x18 obj\debug\spl\src\stm32f0xx_iwdg.o
                0x08000478                IWDG_Enable
 .text.NVIC_Init
                0x08000490       0xac obj\debug\spl\src\stm32f0xx_misc.o
                0x08000490                NVIC_Init
 .text.RCC_GetClocksFreq
                0x0800053c      0x264 obj\debug\spl\src\stm32f0xx_rcc.o
                0x0800053c                RCC_GetClocksFreq
 .text.RCC_AHBPeriphClockCmd
                0x080007a0       0x3c obj\debug\spl\src\stm32f0xx_rcc.o
                0x080007a0                RCC_AHBPeriphClockCmd
 .text.RCC_APB2PeriphClockCmd
                0x080007dc       0x3c obj\debug\spl\src\stm32f0xx_rcc.o
                0x080007dc                RCC_APB2PeriphClockCmd
 .text.TIM_TimeBaseInit
                0x08000818       0xf0 obj\debug\spl\src\stm32f0xx_tim.o
                0x08000818                TIM_TimeBaseInit
 .text.TIM_GetCounter
                0x08000908       0x14 obj\debug\spl\src\stm32f0xx_tim.o
                0x08000908                TIM_GetCounter
 .text.TIM_Cmd  0x0800091c       0x40 obj\debug\spl\src\stm32f0xx_tim.o
                0x0800091c                TIM_Cmd
 .text.USART_Init
                0x0800095c      0x174 obj\debug\spl\src\stm32f0xx_usart.o
                0x0800095c                USART_Init
 .text.USART_Cmd
                0x08000ad0       0x3c obj\debug\spl\src\stm32f0xx_usart.o
                0x08000ad0                USART_Cmd
 .text.USART_SendData
                0x08000b0c       0x24 obj\debug\spl\src\stm32f0xx_usart.o
                0x08000b0c                USART_SendData
 .text.USART_ITConfig
                0x08000b30       0x84 obj\debug\spl\src\stm32f0xx_usart.o
                0x08000b30                USART_ITConfig
 .text.USART_GetFlagStatus
                0x08000bb4       0x3c obj\debug\spl\src\stm32f0xx_usart.o
                0x08000bb4                USART_GetFlagStatus
 .text.printbyte
                0x08000bf0       0x54 obj\debug\src\debug.o
                0x08000bf0                printbyte
 .text.GPIOInit
                0x08000c44      0x170 obj\debug\src\gpiolib.o
                0x08000c44                GPIOInit
 .text.InitAdress
                0x08000db4      0x144 obj\debug\src\gpiolib.o
                0x08000db4                InitAdress
 .text.ADCsInit
                0x08000ef8       0x94 obj\debug\src\gpiolib.o
                0x08000ef8                ADCsInit
 .text.GetADCVal
                0x08000f8c       0x68 obj\debug\src\gpiolib.o
                0x08000f8c                GetADCVal
 .text.main     0x08000ff4       0xf4 obj\debug\src\main.o
                0x08000ff4                main
 .text.Ready    0x080010e8       0xb8 obj\debug\src\main.o
                0x080010e8                Ready
 .text.delay    0x080011a0       0x70 obj\debug\src\main.o
                0x080011a0                delay
 .text.AlignTaskMng
                0x08001210       0x6c obj\debug\src\main.o
                0x08001210                AlignTaskMng
 .text.Calibration
                0x0800127c      0x264 obj\debug\src\main.o
                0x0800127c                Calibration
 .text.SerialMonitor
                0x080014e0       0x70 obj\debug\src\main.o
                0x080014e0                SerialMonitor
 .text.Decode   0x08001550      0x188 obj\debug\src\main.o
                0x08001550                Decode
 .text.checksumcal
                0x080016d8       0x50 obj\debug\src\main.o
                0x080016d8                checksumcal
 .text.sendReport
                0x08001728      0x188 obj\debug\src\main.o
                0x08001728                sendReport
 .text.TaskManager
                0x080018b0       0xbc obj\debug\src\main.o
                0x080018b0                TaskManager
 .text.initTask
                0x0800196c       0x84 obj\debug\src\main.o
                0x0800196c                initTask
 .text.CheckIC  0x080019f0      0x1a4 obj\debug\src\main.o
                0x080019f0                CheckIC
 .text.Release  0x08001b94      0x17c obj\debug\src\main.o
                0x08001b94                Release
 .text.PickUp   0x08001d10      0x168 obj\debug\src\main.o
                0x08001d10                PickUp
 .text.CheckIC2
                0x08001e78      0x1b0 obj\debug\src\main.o
                0x08001e78                CheckIC2
 .text.CheckLow
                0x08002028      0x120 obj\debug\src\main.o
                0x08002028                CheckLow
 .text.FinishTask
                0x08002148       0x84 obj\debug\src\main.o
                0x08002148                FinishTask
 .text.ServoWiggle
                0x080021cc      0x168 obj\debug\src\main.o
                0x080021cc                ServoWiggle
 .text.Idler    0x08002334       0xc0 obj\debug\src\main.o
                0x08002334                Idler
 .text.ModeSelect
                0x080023f4       0x58 obj\debug\src\main.o
                0x080023f4                ModeSelect
 .text.USART1_IRQHandler
                0x0800244c       0x3c obj\debug\src\main.o
                0x0800244c                USART1_IRQHandler
 .text.InitWatchdog
                0x08002488       0x28 obj\debug\src\main.o
                0x08002488                InitWatchdog
 .text.USART1Init
                0x080024b0       0xf4 obj\debug\src\serialmonitor.o
                0x080024b0                USART1Init
 .text.ServoInit
                0x080025a4       0xb0 obj\debug\src\servo.o
                0x080025a4                ServoInit
 .text.ServoSet
                0x08002654       0x20 obj\debug\src\servo.o
                0x08002654                ServoSet
 .text.ServoZero
                0x08002674       0x10 obj\debug\src\servo.o
                0x08002674                ServoZero
 .text          0x08002684       0xa0 obj\debug\src\startup_stm32f0xx.o
                0x08002684                Reset_Handler
                0x080026ce                NMI_Handler
                0x080026d0                HardFault_Handler
                0x080026d2                SVC_Handler
                0x080026d4                PendSV_Handler
                0x080026d6                SysTick_Handler
                0x080026d8                Default_Handler
                0x080026da                WWDG_IRQHandler
                0x080026dc                PVD_IRQHandler
                0x080026de                RTC_IRQHandler
                0x080026e0                FLASH_IRQHandler
                0x080026e2                RCC_IRQHandler
                0x080026e4                EXTI0_1_IRQHandler
                0x080026e6                EXTI2_3_IRQHandler
                0x080026e8                EXTI4_15_IRQHandler
                0x080026ea                TS_IRQHandler
                0x080026ec                DMA1_Channel1_IRQHandler
                0x080026ee                DMA1_Channel2_3_IRQHandler
                0x080026f0                DMA1_Channel4_5_IRQHandler
                0x080026f2                ADC1_COMP_IRQHandler
                0x080026f4                TIM1_BRK_UP_TRG_COM_IRQHandler
                0x080026f6                TIM1_CC_IRQHandler
                0x080026f8                TIM2_IRQHandler
                0x080026fa                TIM3_IRQHandler
                0x080026fc                TIM6_DAC_IRQHandler
                0x080026fe                TIM7_IRQHandler
                0x08002700                TIM14_IRQHandler
                0x08002702                TIM15_IRQHandler
                0x08002704                TIM16_IRQHandler
                0x08002706                TIM17_IRQHandler
                0x08002708                I2C1_IRQHandler
                0x0800270a                I2C2_IRQHandler
                0x0800270c                SPI1_IRQHandler
                0x0800270e                SPI2_IRQHandler
                0x08002712                USART2_IRQHandler
                0x08002714                USART3_4_IRQHandler
                0x08002716                CEC_IRQHandler
                0x08002718                USB_IRQHandler
                0x0800271a                BootRAM
 .text.SystemInit
                0x08002724       0x8c obj\debug\src\system_stm32f0xx.o
                0x08002724                SystemInit
 .text.SetSysClock
                0x080027b0       0xe0 obj\debug\src\system_stm32f0xx.o
 .text.TIM14Init
                0x08002890       0x58 obj\debug\src\timers.o
                0x08002890                TIM14Init
 .text          0x080028e8       0x9c c:/program files (x86)/embitz/0.42/share/em_armgcc/bin/../lib/gcc/arm-none-eabi/4.8.4/armv6-m\libgcc.a(_udivsi3.o)
                0x080028e8                __aeabi_uidiv
                0x080028e8                __udivsi3
                0x08002970                __aeabi_uidivmod
 .text          0x08002984        0x4 c:/program files (x86)/embitz/0.42/share/em_armgcc/bin/../lib/gcc/arm-none-eabi/4.8.4/armv6-m\libgcc.a(_dvmd_tls.o)
                0x08002984                __aeabi_idiv0
                0x08002984                __aeabi_ldiv0
 .text.exit     0x08002988       0x2c c:/program files (x86)/embitz/0.42/share/em_armgcc/bin/../lib/gcc/arm-none-eabi/4.8.4/../../../../arm-none-eabi/lib/armv6-m\libg_n.a(lib_a-exit.o)
                0x08002988                exit
 .text.__libc_init_array
                0x080029b4       0x4c c:/program files (x86)/embitz/0.42/share/em_armgcc/bin/../lib/gcc/arm-none-eabi/4.8.4/../../../../arm-none-eabi/lib/armv6-m\libg_n.a(lib_a-init.o)
                0x080029b4                __libc_init_array
 .text.memset   0x08002a00       0x10 c:/program files (x86)/embitz/0.42/share/em_armgcc/bin/../lib/gcc/arm-none-eabi/4.8.4/../../../../arm-none-eabi/lib/armv6-m\libg_n.a(lib_a-memset.o)
                0x08002a00                memset
 .text          0x08002a10        0x2 c:/program files (x86)/embitz/0.42/share/em_armgcc/bin/../lib/gcc/arm-none-eabi/4.8.4/../../../../arm-none-eabi/lib/armv6-m\libnosys_s.a(_exit.o)
                0x08002a10                _exit
 *(.init)
 *fill*         0x08002a12        0x2 
 .init          0x08002a14        0x4 c:/program files (x86)/embitz/0.42/share/em_armgcc/bin/../lib/gcc/arm-none-eabi/4.8.4/armv6-m/crti.o
                0x08002a14                _init
 .init          0x08002a18        0x8 c:/program files (x86)/embitz/0.42/share/em_armgcc/bin/../lib/gcc/arm-none-eabi/4.8.4/armv6-m/crtn.o
 *(.fini)
 .fini          0x08002a20        0x4 c:/program files (x86)/embitz/0.42/share/em_armgcc/bin/../lib/gcc/arm-none-eabi/4.8.4/armv6-m/crti.o
                0x08002a20                _fini
 .fini          0x08002a24        0x8 c:/program files (x86)/embitz/0.42/share/em_armgcc/bin/../lib/gcc/arm-none-eabi/4.8.4/armv6-m/crtn.o
 *crtbegin.o(.ctors)
 *crtbegin?.o(.ctors)
 *(EXCLUDE_FILE(*crtend.o *crtend?.o) .ctors)
 *(SORT(.ctors.*))
 *(.ctors)
 *crtbegin.o(.dtors)
 *crtbegin?.o(.dtors)
 *(EXCLUDE_FILE(*crtend.o *crtend?.o) .dtors)
 *(SORT(.dtors.*))
 *(.dtors)
 *(.rodata*)
 .rodata.TaskManager
                0x08002a2c       0x28 obj\debug\src\main.o
 .rodata.str1.1
                0x08002a54        0x2 c:/program files (x86)/embitz/0.42/share/em_armgcc/bin/../lib/gcc/arm-none-eabi/4.8.4/../../../../arm-none-eabi/lib/armv6-m\libg_n.a(lib_a-impure.o)
 *fill*         0x08002a56        0x2 
 .rodata._global_impure_ptr
                0x08002a58        0x4 c:/program files (x86)/embitz/0.42/share/em_armgcc/bin/../lib/gcc/arm-none-eabi/4.8.4/../../../../arm-none-eabi/lib/armv6-m\libg_n.a(lib_a-impure.o)
                0x08002a58                _global_impure_ptr
 *(.eh_frame*)
 .eh_frame      0x08002a5c        0x0 c:/program files (x86)/embitz/0.42/share/em_armgcc/bin/../lib/gcc/arm-none-eabi/4.8.4/armv6-m/crtbegin.o
 .eh_frame      0x08002a5c        0x4 c:/program files (x86)/embitz/0.42/share/em_armgcc/bin/../lib/gcc/arm-none-eabi/4.8.4/armv6-m/crtend.o

.glue_7         0x08002a60        0x0
 .glue_7        0x00000000        0x0 linker stubs

.glue_7t        0x08002a60        0x0
 .glue_7t       0x00000000        0x0 linker stubs

.vfp11_veneer   0x08002a60        0x0
 .vfp11_veneer  0x00000000        0x0 linker stubs

.v4_bx          0x08002a60        0x0
 .v4_bx         0x00000000        0x0 linker stubs

.iplt           0x08002a60        0x0
 .iplt          0x00000000        0x0 c:/program files (x86)/embitz/0.42/share/em_armgcc/bin/../lib/gcc/arm-none-eabi/4.8.4/armv6-m/crtbegin.o

.ARM.extab
 *(.ARM.extab* .gnu.linkonce.armextab.*)
                0x08002a60                __exidx_start = .

.ARM.exidx      0x08002a60        0x8
 *(.ARM.exidx* .gnu.linkonce.armexidx.*)
 .ARM.exidx     0x08002a60        0x8 c:/program files (x86)/embitz/0.42/share/em_armgcc/bin/../lib/gcc/arm-none-eabi/4.8.4/../../../../arm-none-eabi/lib/armv6-m/crt0.o
                0x08002a68                __exidx_end = .
                0x08002a68                __etext = .

.rel.dyn        0x08002a68        0x0
 .rel.iplt      0x00000000        0x0 c:/program files (x86)/embitz/0.42/share/em_armgcc/bin/../lib/gcc/arm-none-eabi/4.8.4/armv6-m/crtbegin.o

.data           0x20000000       0x84 load address 0x08002a68
                0x20000000                __data_start__ = .
 *(vtable)
 *(.data*)
 .data.APBAHBPrescTable
                0x20000000       0x10 obj\debug\spl\src\stm32f0xx_rcc.o
 .data.RXFlag   0x20000010        0x1 obj\debug\src\main.o
                0x20000010                RXFlag
 *fill*         0x20000011        0x1 
 .data.period   0x20000012        0x2 obj\debug\src\main.o
                0x20000012                period
 .data.releaseval
                0x20000014        0x2 obj\debug\src\main.o
                0x20000014                releaseval
 .data.pickval  0x20000016        0x2 obj\debug\src\main.o
                0x20000016                pickval
 .data.ReportCode
                0x20000018        0x1 obj\debug\src\main.o
                0x20000018                ReportCode
 *fill*         0x20000019        0x1 
 .data.Wait     0x2000001a        0x2 obj\debug\src\main.o
                0x2000001a                Wait
 .data.impure_data
                0x2000001c       0x60 c:/program files (x86)/embitz/0.42/share/em_armgcc/bin/../lib/gcc/arm-none-eabi/4.8.4/../../../../arm-none-eabi/lib/armv6-m\libg_n.a(lib_a-impure.o)
                0x2000007c                . = ALIGN (0x4)
                0x2000007c                PROVIDE (__preinit_array_start, .)
 *(.preinit_array)
                0x2000007c                PROVIDE (__preinit_array_end, .)
                0x2000007c                . = ALIGN (0x4)
                0x2000007c                PROVIDE (__init_array_start, .)
 *(SORT(.init_array.*))
 *(.init_array)
 .init_array    0x2000007c        0x4 c:/program files (x86)/embitz/0.42/share/em_armgcc/bin/../lib/gcc/arm-none-eabi/4.8.4/armv6-m/crtbegin.o
                0x20000080                PROVIDE (__init_array_end, .)
                0x20000080                . = ALIGN (0x4)
                0x20000080                PROVIDE (__fini_array_start, .)
 *(SORT(.fini_array.*))
 *(.fini_array)
 .fini_array    0x20000080        0x4 c:/program files (x86)/embitz/0.42/share/em_armgcc/bin/../lib/gcc/arm-none-eabi/4.8.4/armv6-m/crtbegin.o
                0x20000084                PROVIDE (__fini_array_end, .)
                0x20000084                . = ALIGN (0x4)
                0x20000084                __data_end__ = .

.jcr            0x20000084        0x0 load address 0x08002aec
 .jcr           0x20000084        0x0 c:/program files (x86)/embitz/0.42/share/em_armgcc/bin/../lib/gcc/arm-none-eabi/4.8.4/armv6-m/crtbegin.o

.igot.plt       0x20000084        0x0 load address 0x08002aec
 .igot.plt      0x00000000        0x0 c:/program files (x86)/embitz/0.42/share/em_armgcc/bin/../lib/gcc/arm-none-eabi/4.8.4/armv6-m/crtbegin.o

.bss            0x20000088      0x162 load address 0x08002af0
                0x20000088                __bss_start__ = .
 *(.bss*)
 .bss           0x20000088       0x1c c:/program files (x86)/embitz/0.42/share/em_armgcc/bin/../lib/gcc/arm-none-eabi/4.8.4/armv6-m/crtbegin.o
 .bss.status    0x200000a4        0x1 obj\debug\src\main.o
                0x200000a4                status
 .bss.buffercount
                0x200000a5        0x1 obj\debug\src\main.o
                0x200000a5                buffercount
 .bss.bufferreadcount
                0x200000a6        0x1 obj\debug\src\main.o
                0x200000a6                bufferreadcount
 .bss.modeflag  0x200000a7        0x1 obj\debug\src\main.o
                0x200000a7                modeflag
 .bss.address   0x200000a8        0x8 obj\debug\src\main.o
                0x200000a8                address
 .bss.testflag  0x200000b0        0x1 obj\debug\src\main.o
                0x200000b0                testflag
 .bss.ADCCounter
                0x200000b1        0x1 obj\debug\src\main.o
                0x200000b1                ADCCounter
 .bss.DeliverxMany
                0x200000b2        0x1 obj\debug\src\main.o
                0x200000b2                DeliverxMany
 .bss.task      0x200000b3        0x1 obj\debug\src\main.o
                0x200000b3                task
 .bss.jam       0x200000b4        0x1 obj\debug\src\main.o
                0x200000b4                jam
 *(COMMON)
 *fill*         0x200000b5        0x3 
 COMMON         0x200000b8      0x132 obj\debug\src\main.o
                0x200000b8                GUIDEADCVal
                0x200000c4                Stamp
                0x200000d8                Serialdata
                0x200001d8                ICADVVal
                0x200001e4                RXBuffer
                0x200001ea                __bss_end__ = .

.heap           0x200001f0        0x0
                0x200001f0                __end__ = .
                0x200001f0                end = __end__
 *(.heap*)
 .heap          0x200001f0        0x0 obj\debug\src\startup_stm32f0xx.o
                0x200001f0                __HeapLimit = .

.stack_dummy    0x200001f0      0x100
 *(.stack)
 .stack         0x200001f0      0x100 obj\debug\src\startup_stm32f0xx.o
                0x20001000                __StackTop = (ORIGIN (RAM) + 0x1000)
                0x20000f00                __StackLimit = (__StackTop - SIZEOF (.stack_dummy))
                0x20001000                PROVIDE (__stack, __StackTop)
                0x00000001                ASSERT ((__StackLimit >= __HeapLimit), region RAM overflowed with stack)
LOAD obj\debug\spl\src\stm32f0xx_adc.o
LOAD obj\debug\spl\src\stm32f0xx_can.o
LOAD obj\debug\spl\src\stm32f0xx_cec.o
LOAD obj\debug\spl\src\stm32f0xx_comp.o
LOAD obj\debug\spl\src\stm32f0xx_crc.o
LOAD obj\debug\spl\src\stm32f0xx_crs.o
LOAD obj\debug\spl\src\stm32f0xx_dac.o
LOAD obj\debug\spl\src\stm32f0xx_dbgmcu.o
LOAD obj\debug\spl\src\stm32f0xx_dma.o
LOAD obj\debug\spl\src\stm32f0xx_exti.o
LOAD obj\debug\spl\src\stm32f0xx_flash.o
LOAD obj\debug\spl\src\stm32f0xx_gpio.o
LOAD obj\debug\spl\src\stm32f0xx_i2c.o
LOAD obj\debug\spl\src\stm32f0xx_iwdg.o
LOAD obj\debug\spl\src\stm32f0xx_misc.o
LOAD obj\debug\spl\src\stm32f0xx_pwr.o
LOAD obj\debug\spl\src\stm32f0xx_rcc.o
LOAD obj\debug\spl\src\stm32f0xx_rtc.o
LOAD obj\debug\spl\src\stm32f0xx_spi.o
LOAD obj\debug\spl\src\stm32f0xx_syscfg.o
LOAD obj\debug\spl\src\stm32f0xx_tim.o
LOAD obj\debug\spl\src\stm32f0xx_usart.o
LOAD obj\debug\spl\src\stm32f0xx_wwdg.o
LOAD obj\debug\src\debug.o
LOAD obj\debug\src\gpiolib.o
LOAD obj\debug\src\lcd.o
LOAD obj\debug\src\main.o
LOAD obj\debug\src\serialmonitor.o
LOAD obj\debug\src\servo.o
LOAD obj\debug\src\startup_stm32f0xx.o
LOAD obj\debug\src\system_stm32f0xx.o
LOAD obj\debug\src\timers.o
START GROUP
LOAD c:/program files (x86)/embitz/0.42/share/em_armgcc/bin/../lib/gcc/arm-none-eabi/4.8.4/armv6-m\libgcc.a
LOAD c:/program files (x86)/embitz/0.42/share/em_armgcc/bin/../lib/gcc/arm-none-eabi/4.8.4/../../../../arm-none-eabi/lib/armv6-m\libg_n.a
LOAD c:/program files (x86)/embitz/0.42/share/em_armgcc/bin/../lib/gcc/arm-none-eabi/4.8.4/../../../../arm-none-eabi/lib/armv6-m\libc_n.a
END GROUP
START GROUP
LOAD c:/program files (x86)/embitz/0.42/share/em_armgcc/bin/../lib/gcc/arm-none-eabi/4.8.4/armv6-m\libgcc.a
LOAD c:/program files (x86)/embitz/0.42/share/em_armgcc/bin/../lib/gcc/arm-none-eabi/4.8.4/../../../../arm-none-eabi/lib/armv6-m\libc_n.a
LOAD c:/program files (x86)/embitz/0.42/share/em_armgcc/bin/../lib/gcc/arm-none-eabi/4.8.4/../../../../arm-none-eabi/lib/armv6-m\libnosys_s.a
END GROUP
LOAD c:/program files (x86)/embitz/0.42/share/em_armgcc/bin/../lib/gcc/arm-none-eabi/4.8.4/armv6-m/crtend.o
LOAD c:/program files (x86)/embitz/0.42/share/em_armgcc/bin/../lib/gcc/arm-none-eabi/4.8.4/armv6-m/crtn.o
OUTPUT(bin\Debug\MCU_Module.elf elf32-littlearm)

.ARM.attributes
                0x00000000       0x28
 .ARM.attributes
                0x00000000       0x1e c:/program files (x86)/embitz/0.42/share/em_armgcc/bin/../lib/gcc/arm-none-eabi/4.8.4/armv6-m/crti.o
 .ARM.attributes
                0x0000001e       0x2c c:/program files (x86)/embitz/0.42/share/em_armgcc/bin/../lib/gcc/arm-none-eabi/4.8.4/armv6-m/crtbegin.o
 .ARM.attributes
                0x0000004a       0x1b c:/program files (x86)/embitz/0.42/share/em_armgcc/bin/../lib/gcc/arm-none-eabi/4.8.4/../../../../arm-none-eabi/lib/armv6-m/crt0.o
 .ARM.attributes
                0x00000065       0x31 obj\debug\spl\src\stm32f0xx_gpio.o
 .ARM.attributes
                0x00000096       0x31 obj\debug\spl\src\stm32f0xx_iwdg.o
 .ARM.attributes
                0x000000c7       0x31 obj\debug\spl\src\stm32f0xx_misc.o
 .ARM.attributes
                0x000000f8       0x31 obj\debug\spl\src\stm32f0xx_rcc.o
 .ARM.attributes
                0x00000129       0x31 obj\debug\spl\src\stm32f0xx_tim.o
 .ARM.attributes
                0x0000015a       0x31 obj\debug\spl\src\stm32f0xx_usart.o
 .ARM.attributes
                0x0000018b       0x31 obj\debug\src\debug.o
 .ARM.attributes
                0x000001bc       0x31 obj\debug\src\gpiolib.o
 .ARM.attributes
                0x000001ed       0x31 obj\debug\src\main.o
 .ARM.attributes
                0x0000021e       0x31 obj\debug\src\serialmonitor.o
 .ARM.attributes
                0x0000024f       0x31 obj\debug\src\servo.o
 .ARM.attributes
                0x00000280       0x1b obj\debug\src\startup_stm32f0xx.o
 .ARM.attributes
                0x0000029b       0x31 obj\debug\src\system_stm32f0xx.o
 .ARM.attributes
                0x000002cc       0x31 obj\debug\src\timers.o
 .ARM.attributes
                0x000002fd       0x1e c:/program files (x86)/embitz/0.42/share/em_armgcc/bin/../lib/gcc/arm-none-eabi/4.8.4/armv6-m\libgcc.a(_udivsi3.o)
 .ARM.attributes
                0x0000031b       0x1e c:/program files (x86)/embitz/0.42/share/em_armgcc/bin/../lib/gcc/arm-none-eabi/4.8.4/armv6-m\libgcc.a(_dvmd_tls.o)
 .ARM.attributes
                0x00000339       0x2c c:/program files (x86)/embitz/0.42/share/em_armgcc/bin/../lib/gcc/arm-none-eabi/4.8.4/../../../../arm-none-eabi/lib/armv6-m\libg_n.a(lib_a-exit.o)
 .ARM.attributes
                0x00000365       0x2c c:/program files (x86)/embitz/0.42/share/em_armgcc/bin/../lib/gcc/arm-none-eabi/4.8.4/../../../../arm-none-eabi/lib/armv6-m\libg_n.a(lib_a-impure.o)
 .ARM.attributes
                0x00000391       0x2c c:/program files (x86)/embitz/0.42/share/em_armgcc/bin/../lib/gcc/arm-none-eabi/4.8.4/../../../../arm-none-eabi/lib/armv6-m\libg_n.a(lib_a-init.o)
 .ARM.attributes
                0x000003bd       0x2c c:/program files (x86)/embitz/0.42/share/em_armgcc/bin/../lib/gcc/arm-none-eabi/4.8.4/../../../../arm-none-eabi/lib/armv6-m\libg_n.a(lib_a-memset.o)
 .ARM.attributes
                0x000003e9       0x2c c:/program files (x86)/embitz/0.42/share/em_armgcc/bin/../lib/gcc/arm-none-eabi/4.8.4/../../../../arm-none-eabi/lib/armv6-m\libnosys_s.a(_exit.o)
 .ARM.attributes
                0x00000415       0x2c c:/program files (x86)/embitz/0.42/share/em_armgcc/bin/../lib/gcc/arm-none-eabi/4.8.4/armv6-m/crtend.o
 .ARM.attributes
                0x00000441       0x1e c:/program files (x86)/embitz/0.42/share/em_armgcc/bin/../lib/gcc/arm-none-eabi/4.8.4/armv6-m/crtn.o

.comment        0x00000000       0x46
 .comment       0x00000000       0x46 obj\debug\spl\src\stm32f0xx_gpio.o
                                 0x47 (size before relaxing)
 .comment       0x00000000       0x47 obj\debug\spl\src\stm32f0xx_iwdg.o
 .comment       0x00000000       0x47 obj\debug\spl\src\stm32f0xx_misc.o
 .comment       0x00000000       0x47 obj\debug\spl\src\stm32f0xx_rcc.o
 .comment       0x00000000       0x47 obj\debug\spl\src\stm32f0xx_tim.o
 .comment       0x00000000       0x47 obj\debug\spl\src\stm32f0xx_usart.o
 .comment       0x00000000       0x47 obj\debug\src\debug.o
 .comment       0x00000000       0x47 obj\debug\src\gpiolib.o
 .comment       0x00000000       0x47 obj\debug\src\main.o
 .comment       0x00000000       0x47 obj\debug\src\serialmonitor.o
 .comment       0x00000000       0x47 obj\debug\src\servo.o
 .comment       0x00000000       0x47 obj\debug\src\system_stm32f0xx.o
 .comment       0x00000000       0x47 obj\debug\src\timers.o

.debug_info     0x00000000     0x6af1
 .debug_info    0x00000000      0x5d7 obj\debug\spl\src\stm32f0xx_gpio.o
 .debug_info    0x000005d7      0x21b obj\debug\spl\src\stm32f0xx_iwdg.o
 .debug_info    0x000007f2      0x372 obj\debug\spl\src\stm32f0xx_misc.o
 .debug_info    0x00000b64      0xa24 obj\debug\spl\src\stm32f0xx_rcc.o
 .debug_info    0x00001588     0x1c73 obj\debug\spl\src\stm32f0xx_tim.o
 .debug_info    0x000031fb      0xe4e obj\debug\spl\src\stm32f0xx_usart.o
 .debug_info    0x00004049      0x723 obj\debug\src\debug.o
 .debug_info    0x0000476c      0x4ec obj\debug\src\gpiolib.o
 .debug_info    0x00004c58      0xd3b obj\debug\src\main.o
 .debug_info    0x00005993      0x53d obj\debug\src\serialmonitor.o
 .debug_info    0x00005ed0      0x4c1 obj\debug\src\servo.o
 .debug_info    0x00006391       0x6d obj\debug\src\startup_stm32f0xx.o
 .debug_info    0x000063fe      0x2f7 obj\debug\src\system_stm32f0xx.o
 .debug_info    0x000066f5      0x3fc obj\debug\src\timers.o

.debug_abbrev   0x00000000     0x11d1
 .debug_abbrev  0x00000000      0x1a0 obj\debug\spl\src\stm32f0xx_gpio.o
 .debug_abbrev  0x000001a0      0x111 obj\debug\spl\src\stm32f0xx_iwdg.o
 .debug_abbrev  0x000002b1      0x148 obj\debug\spl\src\stm32f0xx_misc.o
 .debug_abbrev  0x000003f9      0x1f1 obj\debug\spl\src\stm32f0xx_rcc.o
 .debug_abbrev  0x000005ea      0x191 obj\debug\spl\src\stm32f0xx_tim.o
 .debug_abbrev  0x0000077b      0x161 obj\debug\spl\src\stm32f0xx_usart.o
 .debug_abbrev  0x000008dc      0x166 obj\debug\src\debug.o
 .debug_abbrev  0x00000a42      0x14a obj\debug\src\gpiolib.o
 .debug_abbrev  0x00000b8c      0x260 obj\debug\src\main.o
 .debug_abbrev  0x00000dec       0xfe obj\debug\src\serialmonitor.o
 .debug_abbrev  0x00000eea       0xca obj\debug\src\servo.o
 .debug_abbrev  0x00000fb4       0x14 obj\debug\src\startup_stm32f0xx.o
 .debug_abbrev  0x00000fc8      0x139 obj\debug\src\system_stm32f0xx.o
 .debug_abbrev  0x00001101       0xd0 obj\debug\src\timers.o

.debug_aranges  0x00000000      0x928
 .debug_aranges
                0x00000000       0x80 obj\debug\spl\src\stm32f0xx_gpio.o
 .debug_aranges
                0x00000080       0x50 obj\debug\spl\src\stm32f0xx_iwdg.o
 .debug_aranges
                0x000000d0       0x30 obj\debug\spl\src\stm32f0xx_misc.o
 .debug_aranges
                0x00000100      0x160 obj\debug\spl\src\stm32f0xx_rcc.o
 .debug_aranges
                0x00000260      0x300 obj\debug\spl\src\stm32f0xx_tim.o
 .debug_aranges
                0x00000560      0x1a0 obj\debug\spl\src\stm32f0xx_usart.o
 .debug_aranges
                0x00000700       0x48 obj\debug\src\debug.o
 .debug_aranges
                0x00000748       0x38 obj\debug\src\gpiolib.o
 .debug_aranges
                0x00000780       0xe0 obj\debug\src\main.o
 .debug_aranges
                0x00000860       0x20 obj\debug\src\serialmonitor.o
 .debug_aranges
                0x00000880       0x38 obj\debug\src\servo.o
 .debug_aranges
                0x000008b8       0x20 obj\debug\src\startup_stm32f0xx.o
 .debug_aranges
                0x000008d8       0x30 obj\debug\src\system_stm32f0xx.o
 .debug_aranges
                0x00000908       0x20 obj\debug\src\timers.o

.debug_ranges   0x00000000      0x838
 .debug_ranges  0x00000000       0x70 obj\debug\spl\src\stm32f0xx_gpio.o
 .debug_ranges  0x00000070       0x40 obj\debug\spl\src\stm32f0xx_iwdg.o
 .debug_ranges  0x000000b0       0x20 obj\debug\spl\src\stm32f0xx_misc.o
 .debug_ranges  0x000000d0      0x150 obj\debug\spl\src\stm32f0xx_rcc.o
 .debug_ranges  0x00000220      0x2f0 obj\debug\spl\src\stm32f0xx_tim.o
 .debug_ranges  0x00000510      0x190 obj\debug\spl\src\stm32f0xx_usart.o
 .debug_ranges  0x000006a0       0x38 obj\debug\src\debug.o
 .debug_ranges  0x000006d8       0x28 obj\debug\src\gpiolib.o
 .debug_ranges  0x00000700       0xd0 obj\debug\src\main.o
 .debug_ranges  0x000007d0       0x10 obj\debug\src\serialmonitor.o
 .debug_ranges  0x000007e0       0x28 obj\debug\src\servo.o
 .debug_ranges  0x00000808       0x20 obj\debug\src\system_stm32f0xx.o
 .debug_ranges  0x00000828       0x10 obj\debug\src\timers.o

.debug_macro    0x00000000     0x25e1
 .debug_macro   0x00000000      0x172 obj\debug\spl\src\stm32f0xx_gpio.o
 .debug_macro   0x00000172      0x17f obj\debug\spl\src\stm32f0xx_gpio.o
 .debug_macro   0x000002f1      0x17e obj\debug\spl\src\stm32f0xx_iwdg.o
 .debug_macro   0x0000046f       0x6a obj\debug\spl\src\stm32f0xx_iwdg.o
 .debug_macro   0x000004d9      0x172 obj\debug\spl\src\stm32f0xx_misc.o
 .debug_macro   0x0000064b       0x34 obj\debug\spl\src\stm32f0xx_misc.o
 .debug_macro   0x0000067f      0x190 obj\debug\spl\src\stm32f0xx_rcc.o
 .debug_macro   0x0000080f      0x4dd obj\debug\spl\src\stm32f0xx_rcc.o
 .debug_macro   0x00000cec      0x18e obj\debug\spl\src\stm32f0xx_tim.o
 .debug_macro   0x00000e7a      0x74a obj\debug\spl\src\stm32f0xx_tim.o
 .debug_macro   0x000015c4      0x18a obj\debug\spl\src\stm32f0xx_usart.o
 .debug_macro   0x0000174e      0x34d obj\debug\spl\src\stm32f0xx_usart.o
 .debug_macro   0x00001a9b      0x1a8 obj\debug\src\debug.o
 .debug_macro   0x00001c43       0x82 obj\debug\src\debug.o
 .debug_macro   0x00001cc5       0x34 obj\debug\src\debug.o
 .debug_macro   0x00001cf9      0x180 obj\debug\src\gpiolib.o
 .debug_macro   0x00001e79      0x1aa obj\debug\src\main.o
 .debug_macro   0x00002023      0x172 obj\debug\src\serialmonitor.o
 .debug_macro   0x00002195      0x172 obj\debug\src\servo.o
 .debug_macro   0x00002307      0x168 obj\debug\src\system_stm32f0xx.o
 .debug_macro   0x0000246f      0x172 obj\debug\src\timers.o

.debug_line     0x00000000     0x4e1a
 .debug_line    0x00000000      0x52f obj\debug\spl\src\stm32f0xx_gpio.o
 .debug_line    0x0000052f      0x47a obj\debug\spl\src\stm32f0xx_iwdg.o
 .debug_line    0x000009a9      0x43a obj\debug\spl\src\stm32f0xx_misc.o
 .debug_line    0x00000de3      0x789 obj\debug\spl\src\stm32f0xx_rcc.o
 .debug_line    0x0000156c      0xc55 obj\debug\spl\src\stm32f0xx_tim.o
 .debug_line    0x000021c1      0x80b obj\debug\spl\src\stm32f0xx_usart.o
 .debug_line    0x000029cc      0x559 obj\debug\src\debug.o
 .debug_line    0x00002f25      0x4ba obj\debug\src\gpiolib.o
 .debug_line    0x000033df      0x8af obj\debug\src\main.o
 .debug_line    0x00003c8e      0x42f obj\debug\src\serialmonitor.o
 .debug_line    0x000040bd      0x443 obj\debug\src\servo.o
 .debug_line    0x00004500       0x99 obj\debug\src\startup_stm32f0xx.o
 .debug_line    0x00004599      0x474 obj\debug\src\system_stm32f0xx.o
 .debug_line    0x00004a0d      0x40d obj\debug\src\timers.o

.debug_str      0x00000000    0x414e1
 .debug_str     0x00000000    0x3f026 obj\debug\spl\src\stm32f0xx_gpio.o
                              0x3f1be (size before relaxing)
 .debug_str     0x0003f026      0x112 obj\debug\spl\src\stm32f0xx_iwdg.o
                              0x3efe8 (size before relaxing)
 .debug_str     0x0003f138      0x158 obj\debug\spl\src\stm32f0xx_misc.o
                              0x3f028 (size before relaxing)
 .debug_str     0x0003f290      0x645 obj\debug\spl\src\stm32f0xx_rcc.o
                              0x3f56a (size before relaxing)
 .debug_str     0x0003f8d5      0xc13 obj\debug\spl\src\stm32f0xx_tim.o
                              0x3fb91 (size before relaxing)
 .debug_str     0x000404e8      0x7ec obj\debug\spl\src\stm32f0xx_usart.o
                              0x3f7d2 (size before relaxing)
 .debug_str     0x00040cd4      0x45e obj\debug\src\debug.o
                              0x3f5bc (size before relaxing)
 .debug_str     0x00041132       0x53 obj\debug\src\gpiolib.o
                              0x3f2fb (size before relaxing)
 .debug_str     0x00041185      0x255 obj\debug\src\main.o
                              0x3f449 (size before relaxing)
 .debug_str     0x000413da       0x1f obj\debug\src\serialmonitor.o
                              0x3f373 (size before relaxing)
 .debug_str     0x000413f9       0x43 obj\debug\src\servo.o
                              0x3f063 (size before relaxing)
 .debug_str     0x0004143c       0x78 obj\debug\src\system_stm32f0xx.o
                              0x3efc5 (size before relaxing)
 .debug_str     0x000414b4       0x2d obj\debug\src\timers.o
                              0x3f094 (size before relaxing)

.debug_frame    0x00000000     0x208c
 .debug_frame   0x00000000      0x1b0 obj\debug\spl\src\stm32f0xx_gpio.o
 .debug_frame   0x000001b0       0xe8 obj\debug\spl\src\stm32f0xx_iwdg.o
 .debug_frame   0x00000298       0x70 obj\debug\spl\src\stm32f0xx_misc.o
 .debug_frame   0x00000308      0x524 obj\debug\spl\src\stm32f0xx_rcc.o
 .debug_frame   0x0000082c      0xbb0 obj\debug\spl\src\stm32f0xx_tim.o
 .debug_frame   0x000013dc      0x630 obj\debug\spl\src\stm32f0xx_usart.o
 .debug_frame   0x00001a0c       0xd0 obj\debug\src\debug.o
 .debug_frame   0x00001adc       0x90 obj\debug\src\gpiolib.o
 .debug_frame   0x00001b6c      0x318 obj\debug\src\main.o
 .debug_frame   0x00001e84       0x30 obj\debug\src\serialmonitor.o
 .debug_frame   0x00001eb4       0x88 obj\debug\src\servo.o
 .debug_frame   0x00001f3c       0x6c obj\debug\src\system_stm32f0xx.o
 .debug_frame   0x00001fa8       0x30 obj\debug\src\timers.o
 .debug_frame   0x00001fd8       0x20 c:/program files (x86)/embitz/0.42/share/em_armgcc/bin/../lib/gcc/arm-none-eabi/4.8.4/armv6-m\libgcc.a(_udivsi3.o)
 .debug_frame   0x00001ff8       0x28 c:/program files (x86)/embitz/0.42/share/em_armgcc/bin/../lib/gcc/arm-none-eabi/4.8.4/../../../../arm-none-eabi/lib/armv6-m\libg_n.a(lib_a-exit.o)
 .debug_frame   0x00002020       0x2c c:/program files (x86)/embitz/0.42/share/em_armgcc/bin/../lib/gcc/arm-none-eabi/4.8.4/../../../../arm-none-eabi/lib/armv6-m\libg_n.a(lib_a-init.o)
 .debug_frame   0x0000204c       0x20 c:/program files (x86)/embitz/0.42/share/em_armgcc/bin/../lib/gcc/arm-none-eabi/4.8.4/../../../../arm-none-eabi/lib/armv6-m\libg_n.a(lib_a-memset.o)
 .debug_frame   0x0000206c       0x20 c:/program files (x86)/embitz/0.42/share/em_armgcc/bin/../lib/gcc/arm-none-eabi/4.8.4/../../../../arm-none-eabi/lib/armv6-m\libnosys_s.a(_exit.o)
